51293-2020-01-childnutrition.xlsx	CNP	no fiscal years inferred
51293-2020-03-childnutrition.xlsx	CNP	no fiscal years inferred
51293-2021-02-childnutrition.xlsx	Child Nutrition_2-2021	no fiscal years inferred
51293-2021-07-childnutrition.xlsx	Child Nutrition_07-2021	no fiscal years inferred
51295-2021-02-childsupportenforcement.xlsx	1-CSE_2-2021	no fiscal years inferred
51295-2021-07-childsupportenforcement.xlsx	CSC_07-2021	no fiscal years inferred
51296-2021-07-chip.xlsx	CHIP_07-2021	no fiscal years inferred
51297-2020-03-mortgages.xlsx	Mortgage Programs	sheet not found
51297-2021-02-mortgages.xlsx	Mortgage Progs_2-2021	no fiscal years inferred
51297-2021-07-mortgages.xlsx	Mortgages_07-2021	no fiscal years inferred
51298-2019-05-Health-Insurance.xlsx	Table 4-1	year_columns missing
51298-2019-05-Health-Insurance.xlsx	Table 4	year_columns missing
51298-2020-03-healthinsurance.xlsx	Table 4-1	year_columns missing
51298-2020-09-healthinsurance.xlsx	Table 4-1	year_columns missing
51299-2021-02-fostercare.xlsx	Foster Care 2-2021	no fiscal years inferred
51299-2021-07-fostercare.xlsx	Fostercare_07-2021	no fiscal years inferred
51300-2021-02-highwaytrustfund.xlsx	HTF_2-2021	no fiscal years inferred
51300-2021-07-highwaytrustfund.xlsx	HTF_07-2021	no fiscal years inferred
51301-2021-07-medicaid.xlsx	Medicaid_07-2021	no fiscal years inferred
51302-2021-07-medicare.xlsx	Medicare_07-2021	no fiscal years inferred
51303-2021-02-militaryretirement.xlsx	Mil Retirement_2-2021	no fiscal years inferred
51304-2019-05-Pell-Grant.xlsx	Table 2	no fiscal years inferred
51304-2020-01-pellgrant.xlsx	Pell Grant Baseline	no fiscal years inferred
51304-2020-03-pellgrant_0.xlsx	Pell Grant Baseline	no fiscal years inferred
51304-2021-02-pellgrant.xlsx	Pell Grants_2-2021	no fiscal years inferred
51304-2021-07-pellgrant.xlsx	Pell Grants	no fiscal years inferred
51305-2021-02-pbgc.xlsx	PBGC_2-2021	no fiscal years inferred
51305-2021-07-pbgc.xlsx	PBGC_public	no fiscal years inferred
51307-2021-02-ssdi..xlsx	SSDI_2-2021	no fiscal years inferred
51307-2021-07-ssdi.xlsx	SSDI	no fiscal years inferred
51308-2021-02-socialsecurity..xlsx	OASI_2-2021	no fiscal years inferred
51308-2021-07-socialsecurity.xlsx	OASI_07-2021	no fiscal years inferred
51309-2021-02-sstrustfund.xlsx	SS Trust Funds_2-2021	no fiscal years inferred
51309-2021-07-trustfund.xlsx	SS Trustfunds_07-2021	no fiscal years inferred
51310-2019-05-Student-Loan.xlsx	Table 2	no fiscal years inferred
51310-2019-05-Student-Loan.xlsx	Table 3	no fiscal years inferred
51310-2019-05-Student-Loan.xlsx	Table 5	sheet not found
51310-2020-03-studentloan.xlsx	Table 2	no fiscal years inferred
51310-2020-03-studentloan.xlsx	Table 4	no fiscal years inferred
51310-2021-07-studentloan.xlsx	T1-FCRA_07-2021	sheet not found
51310-2021-07-studentloan.xlsx	T3-NewLoans-FCRA_07-2021	no fiscal years inferred
51310-2021-07-studentloan.xlsx	T4-Admin_07-2021	no fiscal years inferred
51310-2021-07-studentloan.xlsx	T5-IntRates_07-2021	year_columns missing
51310-2021-07-studentloan.xlsx	T6-FV_07-2021	no fiscal years inferred
51310-2021-07-studentloan.xlsx	T7-Subsidies_07-2021	no fiscal years inferred
51310-2022-05-studentloan.xlsx	T1-FCRA_05-2022	sheet not found
51310-2022-05-studentloan.xlsx	T5-Admin_05-2022	no fiscal years inferred
51310-2022-05-studentloan.xlsx	T6-IntRates_05-2022	year_columns missing
51310-2022-05-studentloan.xlsx	T8-FV_05-2022	no fiscal years inferred
51310-2023-05-studentloan.xlsx	T1-FCRA_05-2023	sheet not found
51310-2023-05-studentloan.xlsx	T4-Admin_05-2023	no fiscal years inferred
51310-2023-05-studentloan.xlsx	T5-IntRates_05-2023	year_columns missing
51310-2023-05-studentloan.xlsx	T7-FV_05-2023	no fiscal years inferred
51310-2024-06-studentloan.xlsx	studentloanT1_6-24	no fiscal years inferred
51310-2024-06-studentloan.xlsx	studentloanT5_6-24	year_columns missing
51310-2024-06-studentloan.xlsx	studentloanT6_6-24	no fiscal years inferred
51312-2021-02-snap.xlsx	SNAP_2-2021	no fiscal years inferred
51312-2021-07-snap.xlsx	SNAP_07-2021	no fiscal years inferred
51313-2021-02-ssi.xlsx	SSI_2-2021	no fiscal years inferred
51313-2021-07-ssi.xlsx	SSI_07-2021	no fiscal years inferred
51314-2021-02-tanf.xlsx	TANF 2-2021	no fiscal years inferred
51314-2021-07-tanf.xlsx	TANF_	no fiscal years inferred
51316-2021-02-unemployment.xlsx	UI and TAA_2-2021	no fiscal years inferred
51316-2021-07-unemployment.xlsx	UI and TAA_07-2021	no fiscal years inferred
51317-2020-01-usda.xlsx	Sheet2	year_columns missing
51317-2020-03-usda.xlsx	Sheet1	year_columns missing
51317-2021-02-usda.xlsx	USDA_2-2021	year_columns missing
51317-2021-07-usda.xlsx	Sheet1	year_columns missing
51317-2022-05-usda.xlsx	Sheet1	year_columns missing
51317-2023-02-usda.xlsx	USDA Mand 02-2023	year_columns missing
51317-2023-05-usda.xlsx	USDA_05-2023	year_columns missing
51317-2023-05-usda.xlsx	App 117-169 CCC funding	year_columns missing
51317-2024-02-usda.xlsx	USDA 02-2024	year_columns missing
51317-2024-06-usda.xlsx	USDA_FarmProgBaseline_06-2024	year_columns missing
51317-2024-06-usda.xlsx	AppA_USDAFarmProg_06-2024	year_columns missing
51317-2024-06-usda.xlsx	AppB_USDAFarmProg_06-2024	year_columns missing
51317-2025-01-usda.xlsx	USDA Baseline_01-2025	year_columns missing
53725-2021-02-veteransbenefit..xlsx	Veterans' C&P_2-2021	no fiscal years inferred
53726-2021-02-post911gibill.xlsx	Post-911_2-2021	no fiscal years inferred
53726-2021-07-post911gibill.xlsx	Post911_	no fiscal years inferred
54946-2020-03-dodmedicare.xlsx	Table 1	no fiscal years inferred
54946-2021-02-dodmedicare.xlsx	DoD-MERHCF_2-2021	no fiscal years inferred
54946-2021-07-dodmedicare.xlsx	DoD-MERHCF_07-2021	no fiscal years inferred
60044-2024-02-Toxic-Exposures-Fund.xlsx	TEF-02-2024	no fiscal years inferred
60044-2024-06-tef.xlsx	TEF-06-2024	no fiscal years inferred
60044-2025-01-tef.xlsx	TEF-01-2025	no fiscal years inferred
